[backblue.gif]
[fade.gif]
[index.html]
[econet.bancoecofuturo.com.bo_447/EconetWeb/Imagenes/BANCA_INTERNET.png]
[polyfill.io/v3/polyfill.minfc9e.js]
[econet.bancoecofuturo.com.bo_447/EconetWeb/Imagenes/iconos/ayuda.png]
[econet.bancoecofuturo.com.bo_447/EconetWeb/Imagenes/Logo_Econet.jpg]
[econet.bancoecofuturo.com.bo_447/EconetWeb/imagenes/eye_pass_close.png]
[econet.bancoecofuturo.com.bo_447/EconetWeb/Imagenes/eye_pass.png]
[seal.globalsign.com/SiteSeal/images/gs_noscript_110-45_en.gif]
[seal.globalsign.com/SiteSeal/gmogs_image_110-45_en_blue.js]
[econet.bancoecofuturo.com.bo_447/EconetWeb/Imagenes/PUNTORECLAMO.png]
[www.gstatic.com/dialogflow-console/fast/messenger/bootstrap3860.js]
[econet.bancoecofuturo.com.bo_447/EconetWeb/Imagenes/PasosRegistro/REGISTRO_ECONET-01.png]
[econet.bancoecofuturo.com.bo_447/EconetWeb/Imagenes/PasosRegistro/REGISTRO_ECONET-02.png]
[econet.bancoecofuturo.com.bo_447/EconetWeb/Imagenes/PasosRegistro/REGISTRO_ECONET-03.png]
[econet.bancoecofuturo.com.bo_447/EconetWeb/Imagenes/PasosRegistro/REGISTRO_ECONET-04.png]
[econet.bancoecofuturo.com.bo_447/EconetWeb/Imagenes/iconos/puntostencion.png]
[econet.bancoecofuturo.com.bo_447/EconetWeb/Imagenes/iconos/medidasseguridad.png]
[econet.bancoecofuturo.com.bo_447/EconetWeb/Imagenes/iconos/contactanosicon.png]
[econet.bancoecofuturo.com.bo_447/EconetWeb/Imagenes/iconos/puntoreclamo.png]
[econet.bancoecofuturo.com.bo_447/EconetWeb/Imagenes/iconos/iconosfb.png]
[econet.bancoecofuturo.com.bo_447/EconetWeb/Imagenes/iconos/iconosig.png]
[econet.bancoecofuturo.com.bo_447/EconetWeb/Imagenes/iconos/iconosln.png]
[econet.bancoecofuturo.com.bo_447/EconetWeb/Imagenes/iconos/iconosyt.png]
[econet.bancoecofuturo.com.bo_447/EconetWeb/Usuario/Login.html]
[econet.bancoecofuturo.com.bo_447/EconetWeb/Content/font-awesome.min.css]
